---
source: packages/message-predicates/contract-message-predicate/src/lib.rs
assertion_line: 52
expression: serialized
---
1a40500091000020614400096148000342411480504cc04c72580020295134165b501012615c000572680002595d7001616172005b61a010616572455b6400125b5c100b24040000240000007cc480c6385fe2c31dc95cc830e4ffb75da5532558ef938b8368da930bf60722
