---
source: packages/message-predicates/contract-message-predicate/src/lib.rs
assertion_line: 60
expression: serialized
---
1a40500091000050504500206148024860452020504cc034505110205f5130005058c04b505510285f5560002d44000a24000000000000000000000f70726f636573735f6d6573736167650000000000000000
