---
source: contract-message-predicate/src/predicate_asm.rs
expression: serialized
---
1a405000910000206144000b6148000542411480504cc04c72580020295134165b501012615c000772680002595d7001616171015b61a0106165711a5b6400125b5c100b240400002400000009e68fb304ff158f1ae4a1f7675d19fc83d1843b9263f79a1c2350dbf9ea41dc
